// Jest Snapshot v1, https://goo.gl/fbAQLP

exports[`Pruebas en GifGridItem.js debe de mostrar el <GifGridItem /> correctamente  1`] = `
<div
  className="card animate__animated animate__fadeIn"
>
  <img
    alt="Un titulo"
    src="http://localhost/algo.jpg"
  />
  <p>
    Un titulo
  </p>
</div>
`;
